Waf: Entering directory `/ardupilot/build/HRON-Chickadee'
Padded 12 bytes for bootloader.bin to 18560
Embedding file bootloader.bin:/ardupilot/Tools/bootloaders/HRON-Chickadee_bl.bin
Embedding file font0.bin:libraries/AP_OSD/fonts/font0.bin
Embedding file font1.bin:libraries/AP_OSD/fonts/font1.bin
Embedding file font2.bin:libraries/AP_OSD/fonts/font2.bin
Embedding file font3.bin:libraries/AP_OSD/fonts/font3.bin
Embedding file font4.bin:libraries/AP_OSD/fonts/font4.bin
Embedding file hwdef.dat:/ardupilot/build/HRON-Chickadee/hw.dat
[ 4/10] Creating build/HRON-Chickadee/modules/ChibiOS/include_dirs
[ 5/10] Compiling libraries/AP_Scripting/generator/src/main.c
[ 6/10] Processing modules/mavlink/message_definitions/v1.0/all.xml
[ 7/10] Creating build/HRON-Chickadee/ap_version.h
[ 8/10] Creating build/HRON-Chickadee/chibios_flags.h
Validation skipped for /ardupilot/modules/mavlink/message_definitions/v1.0/all.xml.
Parsing /ardupilot/modules/mavlink/message_definitions/v1.0/all.xml
Validation skipped for /ardupilot/modules/mavlink/message_definitions/v1.0/ardupilotmega.xml.
Parsing /ardupilot/modules/mavlink/message_definitions/v1.0/ardupilotmega.xml
Validation skipped for /ardupilot/modules/mavlink/message_definitions/v1.0/ASLUAV.xml.
Parsing /ardupilot/modules/mavlink/message_definitions/v1.0/ASLUAV.xml
Validation skipped for /ardupilot/modules/mavlink/message_definitions/v1.0/common.xml.
Parsing /ardupilot/modules/mavlink/message_definitions/v1.0/common.xml
Validation skipped for /ardupilot/modules/mavlink/message_definitions/v1.0/development.xml.
Parsing /ardupilot/modules/mavlink/message_definitions/v1.0/development.xml
Validation skipped for /ardupilot/modules/mavlink/message_definitions/v1.0/icarous.xml.
Parsing /ardupilot/modules/mavlink/message_definitions/v1.0/icarous.xml
Validation skipped for /ardupilot/modules/mavlink/message_definitions/v1.0/minimal.xml.
Parsing /ardupilot/modules/mavlink/message_definitions/v1.0/minimal.xml
Validation skipped for /ardupilot/modules/mavlink/message_definitions/v1.0/python_array_test.xml.
Parsing /ardupilot/modules/mavlink/message_definitions/v1.0/python_array_test.xml
Validation skipped for /ardupilot/modules/mavlink/message_definitions/v1.0/standard.xml.
Parsing /ardupilot/modules/mavlink/message_definitions/v1.0/standard.xml
MAV_BOOL_FALSE has invalid values (bitmask must have powers of 2)
Validation skipped for /ardupilot/modules/mavlink/message_definitions/v1.0/test.xml.
Parsing /ardupilot/modules/mavlink/message_definitions/v1.0/test.xml
Validation skipped for /ardupilot/modules/mavlink/message_definitions/v1.0/ualberta.xml.
Parsing /ardupilot/modules/mavlink/message_definitions/v1.0/ualberta.xml
Validation skipped for /ardupilot/modules/mavlink/message_definitions/v1.0/uAvionix.xml.
Parsing /ardupilot/modules/mavlink/message_definitions/v1.0/uAvionix.xml
Validation skipped for /ardupilot/modules/mavlink/message_definitions/v1.0/loweheiser.xml.
Parsing /ardupilot/modules/mavlink/message_definitions/v1.0/loweheiser.xml
Validation skipped for /ardupilot/modules/mavlink/message_definitions/v1.0/storm32.xml.
Parsing /ardupilot/modules/mavlink/message_definitions/v1.0/storm32.xml
Validation skipped for /ardupilot/modules/mavlink/message_definitions/v1.0/AVSSUAS.xml.
Parsing /ardupilot/modules/mavlink/message_definitions/v1.0/AVSSUAS.xml
Validation skipped for /ardupilot/modules/mavlink/message_definitions/v1.0/cubepilot.xml.
Parsing /ardupilot/modules/mavlink/message_definitions/v1.0/cubepilot.xml
Validation skipped for /ardupilot/modules/mavlink/message_definitions/v1.0/csAirLink.xml.
Parsing /ardupilot/modules/mavlink/message_definitions/v1.0/csAirLink.xml
Merged enum MAV_CMD
Merged enum MAV_CMD
Merged enum MAV_CMD
Merged enum MAV_CMD
Merged enum MAV_CMD
Merged enum MAV_CMD
Found 349 MAVLink message types in 17 XML files
Generating C implementation in directory /ardupilot/build/HRON-Chickadee/libraries/GCS_MAVLink/include/mavlink/v2.0/all
Generating C implementation in directory /ardupilot/build/HRON-Chickadee/libraries/GCS_MAVLink/include/mavlink/v2.0/ardupilotmega
Generating C implementation in directory /ardupilot/build/HRON-Chickadee/libraries/GCS_MAVLink/include/mavlink/v2.0/ASLUAV
Generating C implementation in directory /ardupilot/build/HRON-Chickadee/libraries/GCS_MAVLink/include/mavlink/v2.0/common
Generating C implementation in directory /ardupilot/build/HRON-Chickadee/libraries/GCS_MAVLink/include/mavlink/v2.0/development
Generating C implementation in directory /ardupilot/build/HRON-Chickadee/libraries/GCS_MAVLink/include/mavlink/v2.0/icarous
Generating C implementation in directory /ardupilot/build/HRON-Chickadee/libraries/GCS_MAVLink/include/mavlink/v2.0/minimal
Generating C implementation in directory /ardupilot/build/HRON-Chickadee/libraries/GCS_MAVLink/include/mavlink/v2.0/python_array_test
Generating C implementation in directory /ardupilot/build/HRON-Chickadee/libraries/GCS_MAVLink/include/mavlink/v2.0/standard
Generating C implementation in directory /ardupilot/build/HRON-Chickadee/libraries/GCS_MAVLink/include/mavlink/v2.0/test
Generating C implementation in directory /ardupilot/build/HRON-Chickadee/libraries/GCS_MAVLink/include/mavlink/v2.0/ualberta
Generating C implementation in directory /ardupilot/build/HRON-Chickadee/libraries/GCS_MAVLink/include/mavlink/v2.0/uAvionix
Generating C implementation in directory /ardupilot/build/HRON-Chickadee/libraries/GCS_MAVLink/include/mavlink/v2.0/loweheiser
Generating C implementation in directory /ardupilot/build/HRON-Chickadee/libraries/GCS_MAVLink/include/mavlink/v2.0/storm32
Generating C implementation in directory /ardupilot/build/HRON-Chickadee/libraries/GCS_MAVLink/include/mavlink/v2.0/AVSSUAS
Generating C implementation in directory /ardupilot/build/HRON-Chickadee/libraries/GCS_MAVLink/include/mavlink/v2.0/cubepilot
Generating C implementation in directory /ardupilot/build/HRON-Chickadee/libraries/GCS_MAVLink/include/mavlink/v2.0/csAirLink
Copying fixed headers for protocol 2.0 to /ardupilot/build/HRON-Chickadee/libraries/GCS_MAVLink/include/mavlink/v2.0
[ 9/10] Linking build/HRON-Chickadee/modules/ChibiOS/libch.a
[10/10] Processing /ardupilot/build/HRON-Chickadee/libraries/AP_Scripting/lua_generated_bindings.cpp,/ardupilot/build/HRON-Chickadee/libraries/AP_Scripting/lua_generated_bindings.h: libraries/AP_Scripting/generator/description/bindings.desc build/HRON-Chickadee/gen-bindings -> build/HRON-Chickadee/libraries/AP_Scripting/lua_generated_bindings.cpp build/HRON-Chickadee/libraries/AP_Scripting/lua_generated_bindings.h
arm-none-eabi-ar: creating modules/ChibiOS/libch.a
arm-none-eabi-ar: creating modules/ChibiOS/libcc.a

[1/117] ChibiOS: Compiling crt0_v7m.S
[2/117] ChibiOS: Compiling vectors.S
[3/117] ChibiOS: Compiling chcoreasm.S
[4/117] ChibiOS: Compiling ff.c
[5/117] ChibiOS: Compiling ffunicode.c
[6/117] ChibiOS: Compiling chcore.c
[7/117] ChibiOS: Compiling crt1.c
[8/117] ChibiOS: Compiling bufstreams.c
[9/117] ChibiOS: Compiling chprintf.c
[10/117] ChibiOS: Compiling chscanf.c
[11/117] ChibiOS: Compiling memstreams.c
[12/117] ChibiOS: Compiling nullstreams.c
[13/117] ChibiOS: Compiling osal.c
[14/117] ChibiOS: Compiling hal_adc_lld.c
[15/117] ChibiOS: Compiling stm32_bdma.c
[16/117] ChibiOS: Compiling hal_crypto_lld.c
[17/117] ChibiOS: Compiling hal_dac_lld.c
[18/117] ChibiOS: Compiling stm32_dma.c
[19/117] ChibiOS: Compiling stm32_exti.c
[20/117] ChibiOS: Compiling hal_can_lld.c
[21/117] ChibiOS: Compiling hal_pal_lld.c
[22/117] ChibiOS: Compiling hal_i2c_lld.c
[23/117] ChibiOS: Compiling hal_mac_lld.c
[24/117] ChibiOS: Compiling stm32_mdma.c
[25/117] ChibiOS: Compiling hal_usb_lld.c
[26/117] ChibiOS: Compiling hal_wspi_lld.c
[27/117] ChibiOS: Compiling hal_trng_lld.c
[28/117] ChibiOS: Compiling hal_rtc_lld.c
[29/117] ChibiOS: Compiling hal_sdc_lld.c
[30/117] ChibiOS: Compiling hal_spi_lld.c
[31/117] ChibiOS: Compiling hal_st_lld.c
[32/117] ChibiOS: Compiling hal_eicu_lld.c
[33/117] ChibiOS: Compiling hal_gpt_lld.c
[34/117] ChibiOS: Compiling hal_icu_lld.c
[35/117] ChibiOS: Compiling hal_pwm_lld.c
[36/117] ChibiOS: Compiling hal_serial_lld.c
[37/117] ChibiOS: Compiling hal_sio_lld.c
[38/117] ChibiOS: Compiling hal_uart_lld.c
[39/117] ChibiOS: Compiling hal_wdg_lld.c
[40/117] ChibiOS: Compiling hal_lld.c
[41/117] ChibiOS: Compiling stm32_isr.c
[42/117] ChibiOS: Compiling nvic.c
[43/117] ChibiOS: Compiling hal.c
[44/117] ChibiOS: Compiling hal_adc.c
[45/117] ChibiOS: Compiling hal_buffers.c
[46/117] ChibiOS: Compiling hal_can.c
[47/117] ChibiOS: Compiling hal_crypto.c
[48/117] ChibiOS: Compiling hal_dac.c
[49/117] ChibiOS: Compiling hal_efl.c
[50/117] ChibiOS: Compiling hal_eicu.c
[51/117] ChibiOS: Compiling hal_flash.c
[52/117] ChibiOS: Compiling hal_gpt.c
[53/117] ChibiOS: Compiling hal_i2c.c
[54/117] ChibiOS: Compiling hal_i2s.c
[55/117] ChibiOS: Compiling hal_icu.c
[56/117] ChibiOS: Compiling hal_mac.c
[57/117] ChibiOS: Compiling hal_mmc_spi.c
[58/117] ChibiOS: Compiling hal_mmcsd.c
[59/117] ChibiOS: Compiling hal_pal.c
[60/117] ChibiOS: Compiling hal_pwm.c
[61/117] ChibiOS: Compiling hal_queues.c
[62/117] ChibiOS: Compiling hal_rtc.c
[63/117] ChibiOS: Compiling hal_sdc.c
[64/117] ChibiOS: Compiling hal_serial.c
[65/117] ChibiOS: Compiling hal_serial_usb.c
[66/117] ChibiOS: Compiling hal_sio.c
[67/117] ChibiOS: Compiling hal_spi.c
[68/117] ChibiOS: Compiling hal_st.c
[69/117] ChibiOS: Compiling hal_trng.c
[70/117] ChibiOS: Compiling hal_uart.c
[71/117] ChibiOS: Compiling hal_usb.c
[72/117] ChibiOS: Compiling hal_wdg.c
[73/117] ChibiOS: Compiling hal_wspi.c
[74/117] ChibiOS: Compiling chdelegates.c
[75/117] ChibiOS: Compiling chfactory.c
[76/117] ChibiOS: Compiling chmboxes.c
[77/117] ChibiOS: Compiling chmemcore.c
[78/117] ChibiOS: Compiling chmemheaps.c
[79/117] ChibiOS: Compiling chmempools.c
[80/117] ChibiOS: Compiling chobjcaches.c
[81/117] ChibiOS: Compiling chpipes.c
[82/117] ChibiOS: Compiling chcond.c
[83/117] ChibiOS: Compiling chdebug.c
[84/117] ChibiOS: Compiling chdynamic.c
[85/117] ChibiOS: Compiling chevents.c
[86/117] ChibiOS: Compiling chinstances.c
[87/117] ChibiOS: Compiling chmsg.c
[88/117] ChibiOS: Compiling chmtx.c
[89/117] ChibiOS: Compiling chregistry.c
[90/117] ChibiOS: Compiling chrfcu.c
[91/117] ChibiOS: Compiling chschd.c
[92/117] ChibiOS: Compiling chsem.c
[93/117] ChibiOS: Compiling chstats.c
[94/117] ChibiOS: Compiling chsys.c
[95/117] ChibiOS: Compiling chthreads.c
[96/117] ChibiOS: Compiling chtm.c
[97/117] ChibiOS: Compiling chtrace.c
[98/117] ChibiOS: Compiling chvt.c
[99/117] ChibiOS: Compiling fatfs_diskio.c
[100/117] ChibiOS: Compiling fatfs_syscall.c
[101/117] ChibiOS: Compiling syscalls.c
[102/117] ChibiOS: Compiling stubs.c
[103/117] ChibiOS: Compiling board.c
[104/117] ChibiOS: Compiling usbcfg.c
[105/117] ChibiOS: Compiling usbcfg_dualcdc.c
[106/117] ChibiOS: Compiling usbcfg_common.c
[107/117] ChibiOS: Compiling flash.c
[108/117] ChibiOS: Compiling malloc.c
[109/117] ChibiOS: Compiling hrt.c
[110/117] ChibiOS: Compiling stm32_util.c
[111/117] ChibiOS: Compiling bouncebuffer.c
[112/117] ChibiOS: Compiling watchdog.c
[113/117] ChibiOS: Compiling sysperf.c
[114/117] ChibiOS: Compiling ch.cpp
[115/117] ChibiOS: Compiling CrashCatcher_armv7m.S
[116/117] ChibiOS: Compiling CrashCatcher.c
[117/117] ChibiOS: Compiling crashdump.c

ChibiOS: Done!

CrashCatcher: Done!

No target_list file found, creating
Generating compile_commands.json
Build commands will be stored in build/HRON-Chickadee/compile_commands.json
Generating compile_commands.json
Build commands will be stored in build/HRON-Chickadee/compile_commands.json
[  11/1037] Compiling libraries/AC_AttitudeControl/AC_CommandModel.cpp
[  12/1037] Compiling libraries/AC_AttitudeControl/AC_AttitudeControl_Multi.cpp
[  13/1037] Compiling libraries/AC_AttitudeControl/AC_AttitudeControl_Heli.cpp
[  14/1037] Compiling libraries/AC_AttitudeControl/AC_AttitudeControl_TS.cpp
[  15/1037] Compiling libraries/AC_AttitudeControl/AC_AttitudeControl_Sub.cpp
[  16/1037] Compiling libraries/AC_AttitudeControl/AC_AttitudeControl_Logging.cpp
[  17/1037] Compiling libraries/AC_AttitudeControl/AC_PosControl_Logging.cpp
[  18/1037] Compiling libraries/AC_AttitudeControl/AC_AttitudeControl_Multi_6DoF.cpp
[  19/1037] Compiling libraries/AC_AutoTune/AC_AutoTune_Heli.cpp
[  20/1037] Compiling libraries/AC_AutoTune/AC_AutoTune_FreqResp.cpp
[  21/1037] Compiling libraries/AC_Autorotation/RSC_Autorotation.cpp
[  22/1037] Compiling libraries/AC_Autorotation/AC_Autorotation.cpp
[  23/1037] Compiling libraries/AC_Avoidance/AP_OAPathPlanner.cpp
[  24/1037] Compiling libraries/AC_Avoidance/AP_OAVisGraph.cpp
[  25/1037] Compiling libraries/AC_Avoidance/AC_Avoidance_Logging.cpp
[  26/1037] Compiling libraries/AC_Avoidance/AP_OADijkstra.cpp
[  27/1037] Compiling libraries/AC_InputManager/AC_InputManager_Heli.cpp
[  28/1037] Compiling libraries/AC_InputManager/AC_InputManager.cpp
[  29/1037] Compiling libraries/AC_PID/AC_PI.cpp
[  30/1037] Compiling libraries/AC_PID/AC_PID.cpp
[  31/1037] Compiling libraries/AC_PID/AC_PID_2D.cpp
[  32/1037] Compiling libraries/AC_PID/AC_PID_Basic.cpp
[  33/1037] Compiling libraries/AC_PID/AC_PI_2D.cpp
[  34/1037] Compiling libraries/AC_PID/AC_P_1D.cpp
[  35/1037] Compiling libraries/AC_PID/AC_P_2D.cpp
[  36/1037] Compiling libraries/AC_PID/AC_HELI_PID.cpp
[  37/1037] Compiling libraries/AC_PID/AC_P.cpp
[  38/1037] Compiling libraries/AC_PrecLand/AC_PrecLand_StateMachine.cpp
[  39/1037] Compiling libraries/AC_PrecLand/PosVelEKF.cpp
[  40/1037] Compiling libraries/AC_PrecLand/AC_PrecLand_IRLock.cpp
[  41/1037] Compiling libraries/AC_PrecLand/AC_PrecLand_MAVLink.cpp
[  42/1037] Compiling libraries/AC_PrecLand/AC_PrecLand_SITL.cpp
[  43/1037] Compiling libraries/AC_PrecLand/AC_PrecLand_SITL_Gazebo.cpp
[  44/1037] Compiling libraries/AC_Sprayer/AC_Sprayer.cpp
[  45/1037] Compiling libraries/AC_WPNav/AC_Circle.cpp
[  46/1037] Compiling libraries/AC_WPNav/AC_WPNav.cpp
[  47/1037] Compiling libraries/AC_WPNav/AC_WPNav_OA.cpp
[  48/1037] Compiling libraries/AP_ADC/AP_ADC_ADS1115.cpp
[  49/1037] Compiling libraries/AP_ADSB/AP_ADSB_Sagetech.cpp
[  50/1037] Compiling libraries/AP_ADSB/AP_ADSB_uAvionix_MAVLink.cpp
[  51/1037] Compiling libraries/AP_ADSB/AP_ADSB_uAvionix_UCP.cpp
[  52/1037] Compiling libraries/AP_ADSB/AP_ADSB_Backend.cpp
[  53/1037] Compiling libraries/AP_AHRS/AP_AHRS_External.cpp
[  54/1037] Compiling libraries/AP_AHRS/AP_AHRS_Logging.cpp
[  55/1037] Compiling libraries/AP_AHRS/AP_AHRS_SIM.cpp
[  56/1037] Compiling libraries/AP_AHRS/AP_AHRS_View.cpp
[  57/1037] Compiling libraries/AP_AccelCal/AP_AccelCal.cpp
[  58/1037] Compiling libraries/AP_AccelCal/AccelCalibrator.cpp
[  59/1037] Compiling libraries/AP_AdvancedFailsafe/AP_AdvancedFailsafe.cpp
[  60/1037] Compiling libraries/AP_Airspeed/AP_Airspeed_DroneCAN.cpp
[  61/1037] Compiling libraries/AP_Airspeed/AP_Airspeed_Backend.cpp
[  62/1037] Compiling libraries/AP_Airspeed/AP_Airspeed_External.cpp
[  63/1037] Compiling libraries/AP_Airspeed/AP_Airspeed_Health.cpp
[  64/1037] Compiling libraries/AP_Airspeed/AP_Airspeed_DLVR.cpp
[  65/1037] Compiling libraries/AP_Airspeed/AP_Airspeed_MS4525.cpp
[  66/1037] Compiling libraries/AP_Airspeed/AP_Airspeed_MS5525.cpp
[  67/1037] Compiling libraries/AP_Airspeed/AP_Airspeed_MSP.cpp
[  68/1037] Compiling libraries/AP_Airspeed/AP_Airspeed_SDP3X.cpp
[  69/1037] Compiling libraries/AP_Airspeed/AP_Airspeed_SITL.cpp
[  70/1037] Compiling libraries/AP_Airspeed/AP_Airspeed_analog.cpp
[  71/1037] Compiling libraries/AP_Airspeed/Airspeed_Calibration.cpp
[  72/1037] Compiling libraries/AP_Airspeed/AP_Airspeed_ASP5033.cpp
[  73/1037] Compiling libraries/AP_Airspeed/AP_Airspeed_AUAV.cpp
[  74/1037] Compiling libraries/AP_Baro/AP_Baro_AUAV.cpp
[  75/1037] Compiling libraries/AP_Baro/AP_Baro_BMP388.cpp
[  76/1037] Compiling libraries/AP_Baro/AP_Baro_MSP.cpp
[  77/1037] Compiling libraries/AP_Baro/AP_Baro_atmosphere.cpp
[  78/1037] Compiling libraries/AP_Baro/AP_Baro_BMP581.cpp
[  79/1037] Compiling libraries/AP_Baro/AP_Baro_BMP280.cpp
[  80/1037] Compiling libraries/AP_Baro/AP_Baro_Logging.cpp
[  81/1037] Compiling libraries/AP_Baro/AP_Baro_SPL06.cpp
[  82/1037] Compiling libraries/AP_Baro/AP_Baro_MS5611.cpp
[  83/1037] Compiling libraries/AP_Baro/AP_Baro_BMP085.cpp
[  84/1037] Compiling libraries/AP_Baro/AP_Baro_ICM20789.cpp
[  85/1037] Compiling libraries/AP_Baro/AP_Baro_ExternalAHRS.cpp
[  86/1037] Compiling libraries/AP_Baro/AP_Baro_KellerLD.cpp
[  87/1037] Compiling libraries/AP_Baro/AP_Baro_Wind.cpp
[  88/1037] Compiling libraries/AP_Baro/AP_Baro_FBM320.cpp
[  89/1037] Compiling libraries/AP_Baro/AP_Baro_HIL.cpp
[  90/1037] Compiling libraries/AP_Baro/AP_Baro_DPS280.cpp
[  91/1037] Compiling libraries/AP_Baro/AP_Baro_Dummy.cpp
[  92/1037] Compiling libraries/AP_Baro/AP_Baro_ICP101XX.cpp
[  93/1037] Compiling libraries/AP_Baro/AP_Baro_DroneCAN.cpp
[  94/1037] Compiling libraries/AP_Baro/AP_Baro_ICP201XX.cpp
[  95/1037] Compiling libraries/AP_Baro/AP_Baro_LPS2XH.cpp
[  96/1037] Compiling libraries/AP_BattMonitor/AP_BattMonitor_Synthetic_Current.cpp
[  97/1037] Compiling libraries/AP_BattMonitor/AP_BattMonitor_INA2xx.cpp
[  98/1037] Compiling libraries/AP_BattMonitor/AP_BattMonitor_Sum.cpp
[  99/1037] Compiling libraries/AP_BattMonitor/AP_BattMonitor_Torqeedo.cpp
[ 100/1037] Compiling libraries/AP_BattMonitor/AP_BattMonitor_AD7091R5.cpp
[ 101/1037] Compiling libraries/AP_BattMonitor/AP_BattMonitor_INA3221.cpp
[ 102/1037] Compiling libraries/AP_BattMonitor/AP_BattMonitor_LTC2946.cpp
[ 103/1037] Compiling libraries/AP_BattMonitor/AP_BattMonitor_Logging.cpp
[ 104/1037] Compiling libraries/AP_BattMonitor/AP_BattMonitor_DroneCAN.cpp
[ 105/1037] Compiling libraries/AP_BattMonitor/AP_BattMonitor_FuelLevel_PWM.cpp
[ 106/1037] Compiling libraries/AP_BattMonitor/AP_BattMonitor_Generator.cpp
[ 107/1037] Compiling libraries/AP_BattMonitor/AP_BattMonitor_Analog.cpp
[ 108/1037] Compiling libraries/AP_BattMonitor/AP_BattMonitor_INA239.cpp
[ 109/1037] Compiling libraries/AP_BattMonitor/AP_BattMonitor_FuelLevel_Analog.cpp
[ 110/1037] Compiling libraries/AP_BattMonitor/AP_BattMonitor_EFI.cpp
[ 111/1037] Compiling libraries/AP_BattMonitor/AP_BattMonitor_ESC.cpp
[ 112/1037] Compiling libraries/AP_BattMonitor/AP_BattMonitor_FuelFlow.cpp
[ 113/1037] Compiling libraries/AP_BattMonitor/AP_BattMonitor_SMBus_Generic.cpp
[ 114/1037] Compiling libraries/AP_BattMonitor/AP_BattMonitor_SMBus.cpp
[ 115/1037] Compiling libraries/AP_BattMonitor/AP_BattMonitor_SMBus_NeoDesign.cpp
[ 116/1037] Compiling libraries/AP_BattMonitor/AP_BattMonitor_SMBus_Rotoye.cpp
[ 117/1037] Compiling libraries/AP_BattMonitor/AP_BattMonitor_Backend.cpp
[ 118/1037] Compiling libraries/AP_BattMonitor/AP_BattMonitor_Scripting.cpp
[ 119/1037] Compiling libraries/AP_BattMonitor/AP_BattMonitor_Bebop.cpp
[ 120/1037] Compiling libraries/AP_BattMonitor/AP_BattMonitor_SMBus_SUI.cpp
[ 121/1037] Compiling libraries/AP_BattMonitor/AP_BattMonitor_SMBus_Solo.cpp
[ 122/1037] Compiling libraries/AP_Beacon/AP_Beacon_Pozyx.cpp
[ 123/1037] Compiling libraries/AP_Beacon/AP_Beacon_SITL.cpp
[ 124/1037] Compiling libraries/AP_Beacon/AP_Beacon_Marvelmind.cpp
[ 125/1037] Compiling libraries/AP_Beacon/AP_Beacon_Nooploop.cpp
[ 126/1037] Compiling libraries/AP_Beacon/AP_Beacon_Backend.cpp
[ 127/1037] Compiling libraries/AP_Beacon/AP_Beacon.cpp
[ 128/1037] Compiling libraries/AP_BoardConfig/IMU_heater.cpp
[ 129/1037] Compiling libraries/AP_BoardConfig/board_drivers.cpp
[ 130/1037] Compiling libraries/AP_Button/AP_Button.cpp
[ 131/1037] Compiling libraries/AP_Camera/AP_Camera_Params.cpp
[ 132/1037] Compiling libraries/AP_Camera/AP_Camera_Relay.cpp
[ 133/1037] Compiling libraries/AP_Camera/AP_Camera_Logging.cpp
[ 134/1037] Compiling libraries/AP_Camera/AP_Camera_Mount.cpp
[ 135/1037] Compiling libraries/AP_Camera/AP_Camera_MAVLink.cpp
[ 136/1037] Compiling libraries/AP_Camera/AP_Camera_MAVLinkCamV2.cpp
